2461000:C 22 Mar 2026 01:13:35.269 # oO0OoO0OoO0Oo Redis is starting oO0OoO0OoO0Oo
2461000:C 22 Mar 2026 01:13:35.269 # Redis version=6.0.8, bits=64, commit=00000000, modified=0, pid=2461000, just started
2461000:C 22 Mar 2026 01:13:35.269 # Configuration loaded
                _._                                                  
           _.-``__ ''-._                                             
      _.-``    `.  `_.  ''-._           Redis 6.0.8 (00000000/0) 64 bit
  .-`` .-```.  ```\/    _.,_ ''-._                                   
 (    '      ,       .-`  | `,    )     Running in standalone mode
 |`-._`-...-` __...-.``-._|'` _.-'|     Port: 6379
 |    `-._   `._    /     _.-'    |     PID: 2461000
  `-._    `-._  `-./  _.-'    _.-'                                   
 |`-._`-._    `-.__.-'    _.-'_.-'|                                  
 |    `-._`-._        _.-'_.-'    |           http://redis.io        
  `-._    `-._`-.__.-'_.-'    _.-'                                   
 |`-._`-._    `-.__.-'    _.-'_.-'|                                  
 |    `-._`-._        _.-'_.-'    |                                  
  `-._    `-._`-.__.-'_.-'    _.-'                                   
      `-._    `-.__.-'    _.-'                                       
          `-._        _.-'                                           
              `-.__.-'                                               

2461000:M 22 Mar 2026 01:13:35.270 # Server initialized
2461000:M 22 Mar 2026 01:13:35.270 # WARNING overcommit_memory is set to 0! Background save may fail under low memory condition. To fix this issue add 'vm.overcommit_memory = 1' to /etc/sysctl.conf and then reboot or run the command 'sysctl vm.overcommit_memory=1' for this to take effect.
2461000:M 22 Mar 2026 01:13:35.271 * Ready to accept connections
873752:C 06 Apr 2026 15:27:11.976 # oO0OoO0OoO0Oo Redis is starting oO0OoO0OoO0Oo
873752:C 06 Apr 2026 15:27:11.977 # Redis version=6.0.8, bits=64, commit=00000000, modified=0, pid=873752, just started
873752:C 06 Apr 2026 15:27:11.977 # Configuration loaded
                _._                                                  
           _.-``__ ''-._                                             
      _.-``    `.  `_.  ''-._           Redis 6.0.8 (00000000/0) 64 bit
  .-`` .-```.  ```\/    _.,_ ''-._                                   
 (    '      ,       .-`  | `,    )     Running in standalone mode
 |`-._`-...-` __...-.``-._|'` _.-'|     Port: 6379
 |    `-._   `._    /     _.-'    |     PID: 873752
  `-._    `-._  `-./  _.-'    _.-'                                   
 |`-._`-._    `-.__.-'    _.-'_.-'|                                  
 |    `-._`-._        _.-'_.-'    |           http://redis.io        
  `-._    `-._`-.__.-'_.-'    _.-'                                   
 |`-._`-._    `-.__.-'    _.-'_.-'|                                  
 |    `-._`-._        _.-'_.-'    |                                  
  `-._    `-._`-.__.-'_.-'    _.-'                                   
      `-._    `-.__.-'    _.-'                                       
          `-._        _.-'                                           
              `-.__.-'                                               

873752:M 06 Apr 2026 15:27:11.981 # Server initialized
873752:M 06 Apr 2026 15:27:11.981 # WARNING overcommit_memory is set to 0! Background save may fail under low memory condition. To fix this issue add 'vm.overcommit_memory = 1' to /etc/sysctl.conf and then reboot or run the command 'sysctl vm.overcommit_memory=1' for this to take effect.
873752:M 06 Apr 2026 15:27:12.170 * DB loaded from append only file: 0.187 seconds
873752:M 06 Apr 2026 15:27:12.170 * Ready to accept connections
938601:C 06 Apr 2026 20:10:13.978 # oO0OoO0OoO0Oo Redis is starting oO0OoO0OoO0Oo
938601:C 06 Apr 2026 20:10:13.978 # Redis version=6.0.8, bits=64, commit=00000000, modified=0, pid=938601, just started
938601:C 06 Apr 2026 20:10:13.978 # Configuration loaded
938601:M 06 Apr 2026 20:10:13.979 # Could not create server TCP listening socket *:6379: bind: Address already in use
873752:M 07 Apr 2026 15:27:12.076 * 1 changes in 86400 seconds. Saving...
873752:M 07 Apr 2026 15:27:12.125 * Background saving started by pid 1206946
1206946:C 07 Apr 2026 15:27:12.149 * DB saved on disk
1206946:C 07 Apr 2026 15:27:12.150 * RDB: 0 MB of memory used by copy-on-write
873752:M 07 Apr 2026 15:27:12.225 * Background saving terminated with success
